[ckpt] /home/alex/noir_ml/global/ml-decon/checkpoints_cond_diffusion_npy_m32/best.pt  weights=ema_state  T=1000  net_dtype=float32  identity_frac=0.15  low_t_frac=0.25  p_uncond=0.15
[norm] *** MISMATCH on 'ideal' *** checkpoint vs /home/alex/noir_ml/global/ml-decon/data/m32_ef_l160/norm.json: beta 1.0 vs None, hi None vs 1.0, hi_s 6.471901906466363 vs None, lo None vs 0.0, lo_s 0.0 vs None, median 0.0 vs None
[norm]     the network emits z in the CHECKPOINT's domain. Using the checkpoint's -> the recon decodes correctly, the truth does NOT. Either way the flux ratio is meaningless; retrain or regenerate so they agree.
[norm] --split-norms: network <- checkpoint dataset_norm, stored patches <- /home/alex/noir_ml/global/ml-decon/data/m32_ef_l160/norm.json
[norm] conditioning re-encoded into the checkpoint's observed domain: z 1/50/99/100 = -0.0513 0.1265 0.4994 0.7590
[fwd]  --sky auto (per-patch sigma-clipped median): 0.0026319 0.0021059 0.002153 0.0026285 0.0033179 0.0021713 0.002322 0.0023794 ...
[fwd]  forward model b = 1 * (psf * x) + sky   (sky mean 0.0025262); flux_ratio is now directly comparable to 1.0
[rho]  0.1 * 1.05^k -> 1647 at iter 199
[data] val: 64 patches
[psf]  /home/alex/noir_ml/mycode/psf_m32_epsf.fits
[admm] iters=200 denoise_steps=4 rho=0.1 lam=0.01 t_max=75
[t]    trajectory k=0:t=75  k=50:t=51  k=100:t=10  k=150:t=1  k=199:t=1   | clamped at t_max for 37 iters, at t_min for 60
[t]    sigma(t) at those points k=0:0.1311  k=50:0.0929  k=100:0.0269  k=150:0.0094  k=199:0.0094   (cosine schedule; compare arms on THIS row, not on t)
  it   0  t= 75 sigma=0.3162  ||Az-b||/||b||=0.7856  prim=1.194e+01 dual=1.217e+00  conc=0.240  flux/truth=0.562
  it  50  t= 51 sigma=0.0934  ||Az-b||/||b||=0.7901  prim=8.535e+00 dual=5.692e+00  conc=0.244  flux/truth=0.568
  it 100  t= 10 sigma=0.0276  ||Az-b||/||b||=0.8330  prim=7.387e+00 dual=5.807e+01  conc=0.242  flux/truth=0.604
  it 150  t=  1 sigma=0.0081  ||Az-b||/||b||=0.8424  prim=5.105e+00 dual=4.684e+02  conc=0.243  flux/truth=0.612
  it 199  t=  1 sigma=0.0025  ||Az-b||/||b||=0.8341  prim=5.063e+00 dual=5.075e+03  conc=0.247  flux/truth=0.606
[fits] wrote ef_out/sparse/fits/{recon,truth}/patch_*.fits (64 patches each)

[result] flux_ratio=0.6061  rmse=2.5765e-02
[result] concentration=0.247   (truth 0.265)
[result] interior rmse=0.0241
[result] pixels at the zero floor: 11.48%   (truth 0.00% -- MATCH this, do not minimize it; see solver_metrics.floor_frac)
[note] for a like-for-like comparison against the sampler and RED, run compare_solvers.py -- it scores every method with one metric definition. The numbers printed here use this script's own peak list and crop and are NOT comparable to RED's own printout.
Wrote ef_out/sparse/patches.png (64 of 64 patches), convergence.png, metrics.csv
